------------------------------------------
------------------------------------------
------------------------------------------
Average FPS: 786 MAX FPS: 1191 MIN FPS: 319
------------------------------------------
Average FPS: 650 MAX FPS: 1191 MIN FPS: 144
------------------------------------------
Average FPS: 595 MAX FPS: 1191 MIN FPS: 88
------------------------------------------
------------------------------------------
Average FPS: 1057 MAX FPS: 1186 MIN FPS: 273
------------------------------------------
Average FPS: 910 MAX FPS: 1186 MIN FPS: 172
------------------------------------------
Average FPS: 851 MAX FPS: 1186 MIN FPS: 81
------------------------------------------
------------------------------------------
Average FPS: 507 MAX FPS: 622 MIN FPS: 151
------------------------------------------
Average FPS: 420 MAX FPS: 622 MIN FPS: 151
------------------------------------------
Average FPS: 382 MAX FPS: 622 MIN FPS: 87
